[2026-07-24T04:44:31.711Z] 403 GET /api/bet/mine?matchId=323ca59b048120e49d133dffa13f3416
 AppError: Access denied: insufficient role
    at C:\Users\MEGHRAJ\OneDrive\Desktop\Book\Backend\src\middleware\authMiddleware.js:48:11
    at Layer.handleRequest (C:\Users\MEGHRAJ\OneDrive\Desktop\Book\Backend\node_modules\router\lib\layer.js:152:17)
    at next (C:\Users\MEGHRAJ\OneDrive\Desktop\Book\Backend\node_modules\router\lib\route.js:157:13)
    at C:\Users\MEGHRAJ\OneDrive\Desktop\Book\Backend\src\middleware\authMiddleware.js:43:3
    at process.processTicksAndRejections (node:internal/process/task_queues:105:5) {
  statusCode: 403,
  isOperational: true
}
[2026-07-24T04:44:31.755Z] 403 GET /api/bet/mine?matchId=323ca59b048120e49d133dffa13f3416
 AppError: Access denied: insufficient role
    at C:\Users\MEGHRAJ\OneDrive\Desktop\Book\Backend\src\middleware\authMiddleware.js:48:11
    at Layer.handleRequest (C:\Users\MEGHRAJ\OneDrive\Desktop\Book\Backend\node_modules\router\lib\layer.js:152:17)
    at next (C:\Users\MEGHRAJ\OneDrive\Desktop\Book\Backend\node_modules\router\lib\route.js:157:13)
    at C:\Users\MEGHRAJ\OneDrive\Desktop\Book\Backend\src\middleware\authMiddleware.js:43:3
    at process.processTicksAndRejections (node:internal/process/task_queues:105:5) {
  statusCode: 403,
  isOperational: true
}
